BASIC:
This file is were I have tested the endpoints.

1) '/listSpecies'

    - http://localhost:8000/listSpecies
    <!DOCTYPE html><html lang="en"><head><meta charset="UTF-8"><title>Species List</title></head><body style="background-color: lime;"><h1>Species list:</h1><ol><li>house mouse</li><li>human</li><li>domestic guinea pig</li><li>house mouse</li><li>Midas cichlid</li><li>green anole</li><li>White-headed capuchin</li><li>ballan wrasse</li><li>leopard</li><li>torafugu</li><li>Black snub-nosed monkey</li><li>zig-zag eel</li><li>blue-crowned manakin</li><li>Damara mole rat</li><li>gray short-tailed opossum</li><li>donkey</li><li>southern platyfish</li><li>little spotted kiwi</li><li>ruff</li><li>three-spined stickleback</li><li>Chinese hamster</li><li>steppe mouse</li><li>Indian medaka</li><li>Upper Galilee mountains blind mole rat</li><li>Abingdon island giant tortoise</li><li>spiny chromis</li><li>Asian bonytongue</li><li>Tasmanian devil</li><li>chicken</li><li>coelacanth</li><li>helmeted guineafowl</li><li>house mouse</li><li>sailfin molly</li><li>koala</li><li>house mouse</li><li>Chinese hamster</li><li>house mouse</li><li>naked mole-rat</li><li>Spoon-billed sandpiper</li><li>common mallard</li><li>Bolivian squirrel monkey</li><li>Bengalese finch</li><li>white-tufted-ear marmoset</li><li>Domestic sheep</li><li>Olive baboon</li><li>Crab-eating macaque</li><li>mainland tiger snake</li><li>Goat</li><li>mummichog</li><li>American black bear</li><li>house mouse</li><li>tammar wallaby</li><li>bottlenosed dolphin</li><li>western mosquitofish</li><li>domestic cat</li><li>bonobo</li><li>Northern white-cheeked gibbon</li><li>African green monkey</li><li>cattle</li><li>clown anemonefish</li><li>Shrew mouse</li><li>Japanese quail</li><li>Philippine tarsier</li><li>Great spotted kiwi</li><li>Pig-tailed macaque</li><li>tuatara</li><li>pink-footed goose</li><li>climbing perch</li><li>Spotted gar</li><li>Golden snub-nosed monkey</li><li>Daurian ground squirrel</li><li>Amazon molly</li><li>turbot</li><li>algerian mouse</li><li>sea lamprey</li><li>western clawed frog</li><li>Agassiz's desert tortoise</li><li>American bison</li><li>house mouse</li><li>channel catfish</li><li>Degu</li><li>Angola colobus</li><li>golden-collared manakin</li><li>eastern happy</li><li>greater bamboo lemur</li><li>western european house mouse</li><li>nine-banded armadillo</li><li>mangrove rivulus</li><li>house mouse</li><li>Arctic ground squirrel</li><li>Western Lowland Gorilla</li><li>gray mouse lemur</li><li>Drill</li><li>central bearded dragon</li><li>American mink</li><li>Great Tit</li><li>rhesus monkey</li><li>platypus</li><li>Japanese medaka HNI</li><li>Inshore hagfish</li><li>dingo</li><li>zebrafish</li><li>house mouse</li><li>bicolor damselfish</li><li>Long-tailed chinchilla</li><li>house mouse</li><li>Mexican tetra</li><li>thirteen-lined ground squirrel</li><li>alpaca</li><li>Australian saltwater crocodile</li><li>white-throated sparrow</li><li>orange clownfish</li><li>Tiger</li><li>domestic turkey</li><li>Ugandan red Colobus</li><li>Alpine marmot</li><li>common canary</li><li>Okarito brown kiwi</li><li>Argentine black and white tegu</li><li>Hoffmann's two-fingered sloth</li><li>Ryukyu mouse</li><li>European shrew</li><li>zebra finch</li><li>gelada</li><li>tiger tail seahorse</li><li>Brazilian guinea pig</li><li>Periophthalmus magnuspinnatus</li><li>Ma's night monkey</li><li>little brown bat</li><li>pig</li><li>Coquerel's sifaka</li><li>fruit fly</li><li>Makobe Island cichlid</li><li>small Madagascar hedgehog</li><li>dark-eyed junco</li><li>red fox</li><li>chimpanzee</li><li>Chinese hamster</li><li>greater amberjack</li><li>western European hedgehog</li><li>African savanna elephant</li><li>lyretail cichlid</li><li>Chinese softshell turtle</li><li>vole</li><li>ocean sunfish</li><li>Polar bear</li><li>emu</li><li>rabbit</li><li>Monterrey platyfish</li><li>sheepshead minnow</li><li>Sea squirt Ciona intestinalis</li><li>red-bellied piranha</li><li>northern pike</li><li>American pika</li><li>Domestic ferret</li><li>Sea squirt Ciona savignyi</li><li>Mongolian gerbil</li><li>Paramormyrops kingsleyae</li><li>Lesser Egyptian jerboa</li><li>Ord's kangaroo rat</li><li>Sooty mangabey</li><li>Nile tilapia</li><li>Bornean orangutan</li><li>Western painted turtle</li><li>zebra mbuna</li><li>horse</li><li>Golden Hamster</li><li>large flying fox</li><li>yellowtail amberjack</li><li>blue tit</li><li>eastern european house mouse</li><li>Atlantic cod</li><li>Burton's mouthbrooder</li><li>baker's yeast</li><li>tongue sole</li><li>dog</li><li>swamp eel</li><li>giant panda</li><li>American beaver</li><li>Budgie</li><li>Northern American deer mouse</li><li>Collared flycatcher</li><li>wild yak</li><li>house mouse</li><li>south eastern house mouse</li><li>Norway rat</li><li>small-eared galago</li><li>naked mole-rat</li><li>C.elegans</li><li>guppy</li><li>Japanese medaka HSOK</li><li>spotted green pufferfish</li><li>birds</li><li>northern tree shrew</li><li>house mouse</li><li>shortfin molly</li><li>Japanese medaka HdrR</li><li>cape rock hyrax</li><li>house mouse</li></ol></body></html>

    - http://localhost:8000/listSpecies?limit=
    <!DOCTYPE html><html lang="en"><head><meta charset="UTF-8"><title>Species List</title></head><body style="background-color: lime;"><h1>Species list:</h1><ol><li>Collared flycatcher</li><li>American beaver</li><li>Sea squirt Ciona intestinalis</li><li>central bearded dragon</li><li>golden-collared manakin</li><li>steppe mouse</li><li>white-throated sparrow</li><li>Ord's kangaroo rat</li><li>Northern white-cheeked gibbon</li><li>house mouse</li><li>mummichog</li><li>algerian mouse</li><li>guppy</li><li>clown anemonefish</li><li>Mongolian gerbil</li><li>baker's yeast</li><li>Paramormyrops kingsleyae</li><li>Lesser Egyptian jerboa</li><li>house mouse</li><li>orange clownfish</li><li>western European hedgehog</li><li>koala</li><li>spiny chromis</li><li>blue-crowned manakin</li><li>American mink</li><li>domestic guinea pig</li><li>horse</li><li>nine-banded armadillo</li><li>Burton's mouthbrooder</li><li>Crab-eating macaque</li><li>Japanese quail</li><li>Budgie</li><li>naked mole-rat</li><li>Ma's night monkey</li><li>Polar bear</li><li>greater bamboo lemur</li><li>sailfin molly</li><li>mangrove rivulus</li><li>Great spotted kiwi</li><li>Argentine black and white tegu</li><li>Coquerel's sifaka</li><li>donkey</li><li>Brazilian guinea pig</li><li>common mallard</li><li>zebrafish</li><li>Northern American deer mouse</li><li>common canary</li><li>Golden Hamster</li><li>channel catfish</li><li>western mosquitofish</li><li>swamp eel</li><li>Bengalese finch</li><li>domestic cat</li><li>platypus</li><li>little spotted kiwi</li><li>tuatara</li><li>shortfin molly</li><li>fruit fly</li><li>Tasmanian devil</li><li>zebra mbuna</li><li>western european house mouse</li><li>ballan wrasse</li><li>Great Tit</li><li>helmeted guineafowl</li><li>sea lamprey</li><li>Spotted gar</li><li>Monterrey platyfish</li><li>Upper Galilee mountains blind mole rat</li><li>American pika</li><li>Hoffmann's two-fingered sloth</li><li>chimpanzee</li><li>Bolivian squirrel monkey</li><li>Domestic ferret</li><li>Agassiz's desert tortoise</li><li>Arctic ground squirrel</li><li>eastern european house mouse</li><li>Japanese medaka HdrR</li><li>large flying fox</li><li>Abingdon island giant tortoise</li><li>Black snub-nosed monkey</li><li>Mexican tetra</li><li>lyretail cichlid</li><li>south eastern house mouse</li><li>small Madagascar hedgehog</li><li>zebra finch</li><li>African savanna elephant</li><li>White-headed capuchin</li><li>green anole</li><li>giant panda</li><li>Daurian ground squirrel</li><li>pig</li><li>house mouse</li><li>house mouse</li><li>Spoon-billed sandpiper</li><li>tammar wallaby</li><li>tiger tail seahorse</li><li>cattle</li><li>American bison</li><li>house mouse</li><li>Japanese medaka HSOK</li><li>bonobo</li><li>Western Lowland Gorilla</li><li>emu</li><li>Okarito brown kiwi</li><li>dog</li><li>birds</li><li>sheepshead minnow</li><li>Chinese hamster</li><li>alpaca</li><li>blue tit</li><li>zig-zag eel</li><li>Pig-tailed macaque</li><li>Ryukyu mouse</li><li>Angola colobus</li><li>Domestic sheep</li><li>Drill</li><li>eastern happy</li><li>Japanese medaka HNI</li><li>Atlantic cod</li><li>Inshore hagfish</li><li>Philippine tarsier</li><li>Indian medaka</li><li>Sooty mangabey</li><li>three-spined stickleback</li><li>Amazon molly</li><li>house mouse</li><li>house mouse</li><li>dark-eyed junco</li><li>Chinese hamster</li><li>western clawed frog</li><li>dingo</li><li>bottlenosed dolphin</li><li>Ugandan red Colobus</li><li>red-bellied piranha</li><li>gray mouse lemur</li><li>Midas cichlid</li><li>C.elegans</li><li>spotted green pufferfish</li><li>Makobe Island cichlid</li><li>southern platyfish</li><li>Shrew mouse</li><li>Chinese hamster</li><li>Long-tailed chinchilla</li><li>cape rock hyrax</li><li>house mouse</li><li>naked mole-rat</li><li>ruff</li><li>African green monkey</li><li>Goat</li><li>small-eared galago</li><li>coelacanth</li><li>pink-footed goose</li><li>rhesus monkey</li><li>white-tufted-ear marmoset</li><li>turbot</li><li>Periophthalmus magnuspinnatus</li><li>Chinese softshell turtle</li><li>leopard</li><li>Degu</li><li>climbing perch</li><li>tongue sole</li><li>mainland tiger snake</li><li>house mouse</li><li>Nile tilapia</li><li>gelada</li><li>vole</li><li>torafugu</li><li>Australian saltwater crocodile</li><li>rabbit</li><li>wild yak</li><li>red fox</li><li>bicolor damselfish</li><li>European shrew</li><li>house mouse</li><li>greater amberjack</li><li>chicken</li><li>house mouse</li><li>Western painted turtle</li><li>Olive baboon</li><li>Alpine marmot</li><li>Bornean orangutan</li><li>Asian bonytongue</li><li>thirteen-lined ground squirrel</li><li>Sea squirt Ciona savignyi</li><li>Golden snub-nosed monkey</li><li>northern pike</li><li>domestic turkey</li><li>house mouse</li><li>Damara mole rat</li><li>Tiger</li><li>yellowtail amberjack</li><li>ocean sunfish</li><li>American black bear</li><li>northern tree shrew</li><li>gray short-tailed opossum</li><li>Norway rat</li><li>house mouse</li><li>human</li><li>little brown bat</li></ol></body></html>

    - http://localhost:8000/listSpecies?limit=10
    <!DOCTYPE html><html lang="en"><head><meta charset="UTF-8"><title>Species List</title></head><body style="background-color: lime;"><h1>Species list:</h1><ol><li>house mouse</li><li>human</li><li>domestic guinea pig</li><li>house mouse</li><li>Midas cichlid</li><li>green anole</li><li>White-headed capuchin</li><li>ballan wrasse</li><li>leopard</li><li>torafugu</li></ol></body></html>

2) '/karyotype'

   - http://localhost:8000/karyotype?specie=pig
   <!DOCTYPE html><html lang="en"><head><meta charset="UTF-8"><title>Karyotype of pig</title></head><body style="background-color: aquamarine;"><h1>Karyotype of pig</h1><ol><li>1</li><li>2</li><li>3</li><li>4</li><li>5</li><li>6</li><li>7</li><li>8</li><li>9</li><li>10</li><li>11</li><li>12</li><li>13</li><li>14</li><li>15</li><li>16</li><li>17</li><li>18</li><li>X</li><li>Y</li><li>MT</li></ol></body></html>

3) '/chromosomeLength'

    -http://localhost:8000/chromosomeLength?specie=pig&chromo=4
    <!DOCTYPE html><html lang="en" dir="ltr"><head><meta charset="UTF-8"><title>Chromosome length</title><head><body style="background-color: yellow;"><h1>Chromosome length</h1><body> The length of the chromosome is 130910915.</body></html>